Could not find the file: /home/alex/cs61c/proj 03/tests/part_b/custom/inputs/slt.s
